[19:57:33] [ServerMain/INFO]: [bootstrap] Running Java 21 (OpenJDK 64-Bit Server VM 21.0.8+9-LTS; Microsoft Microsoft-11933201) on Mac OS X 26.5.2 (aarch64)
[19:57:33] [ServerMain/INFO]: [bootstrap] Loading Paper 1.21.11-132-ver/1.21.11@c5eb079 (2026-05-11T11:43:09Z) for Minecraft 1.21.11
[19:57:34] [ServerMain/INFO]: [PluginInitializerManager] Initializing plugins...
[19:57:34] [Paper Plugin Remapper Thread - 2/INFO]: [PluginRemapper] Remapping plugin '/Users/liamculler/Desktop/DRP/DistrictEnforcement/build/libs/DistrictEnforcement-1.0.jar'...
[19:57:34] [Paper Plugin Remapper Thread - 2/INFO]: [PluginRemapper] Done remapping plugin '/Users/liamculler/Desktop/DRP/DistrictEnforcement/build/libs/DistrictEnforcement-1.0.jar' in 438ms.
[19:57:34] [ServerMain/INFO]: [PluginInitializerManager] Initialized 1 plugin
[19:57:34] [ServerMain/INFO]: [PluginInitializerManager] Bukkit plugins (1):
 - DistrictEnforcement (1.0)
[19:57:39] [ServerMain/INFO]: Environment: Environment[sessionHost=https://sessionserver.mojang.com, servicesHost=https://api.minecraftservices.com, profilesHost=https://api.mojang.com, name=PROD]
[19:57:40] [ServerMain/INFO]: Loaded 1470 recipes
[19:57:40] [ServerMain/INFO]: Loaded 1584 advancements
[19:57:41] [ServerMain/INFO]: [ca.spottedleaf.dataconverter.minecraft.datatypes.MCTypeRegistry] Initialising converters for DataConverter...
[19:57:41] [ServerMain/INFO]: [ca.spottedleaf.dataconverter.minecraft.datatypes.MCTypeRegistry] Finished initialising converters for DataConverter in 295.9ms
[19:57:41] [Server thread/INFO]: Starting minecraft server version 1.21.11
[19:57:41] [Server thread/INFO]: Loading properties
[19:57:41] [Server thread/INFO]: This server is running Paper version 1.21.11-132-ver/1.21.11@c5eb079 (2026-05-11T11:43:09Z) (Implementing API version 1.21.11-R0.1-SNAPSHOT)
[19:57:41] [Server thread/INFO]: [spark] This server bundles the spark profiler. For more information please visit https://docs.papermc.io/paper/profiling
[19:57:41] [Server thread/INFO]: Using 4 threads for Netty based IO
[19:57:41] [Server thread/INFO]: Server Ping Player Sample Count: 12
[19:57:42] [Server thread/INFO]: [MoonriseCommon] Paper is using 2 worker threads, 1 I/O threads
[19:57:42] [Server thread/INFO]: Default game type: SURVIVAL
[19:57:42] [Server thread/INFO]: Generating keypair
[19:57:42] [Server thread/INFO]: Starting Minecraft server on *:25565
[19:57:43] [Server thread/INFO]: Paper: Using libdeflate (macOS ARM64 / Apple Silicon) compression from Velocity.
[19:57:43] [Server thread/INFO]: Paper: Using native (macOS ARM64 / Apple Silicon) cipher from Velocity.
[19:57:43] [Server thread/INFO]: [DistrictEnforcement] Loading server plugin DistrictEnforcement v1.0
[19:57:43] [Server thread/INFO]: Server permissions file permissions.yml is empty, ignoring it
[19:57:43] [Server thread/INFO]: [DistrictEnforcement] Enabling DistrictEnforcement v1.0
[19:57:43] [Server thread/INFO]: [DistrictEnforcement] DistrictEnforcement is initializing...
[19:57:43] [Server thread/INFO]: [DistrictEnforcement] DistrictEnforcement enabled successfully!
[19:57:43] [Server thread/INFO]: Preparing level "world"
[19:57:43] [Server thread/INFO]: Loading 0 persistent chunks for world 'minecraft:overworld'...
[19:57:43] [Server thread/INFO]: Preparing spawn area: 100%
[19:57:43] [Server thread/INFO]: Prepared spawn area in 3 ms
[19:57:43] [Server thread/INFO]: Loading 0 persistent chunks for world 'minecraft:the_nether'...
[19:57:43] [Server thread/INFO]: Preparing spawn area: 100%
[19:57:43] [Server thread/INFO]: Prepared spawn area in 1 ms
[19:57:43] [Server thread/INFO]: Loading 0 persistent chunks for world 'minecraft:the_end'...
[19:57:43] [Server thread/INFO]: Prepared spawn area in 0 ms
[19:57:43] [Server thread/INFO]: Done preparing level "world" (0.704s)
[19:57:44] [Server thread/INFO]: [spark] Starting background profiler...
[19:57:47] [Server thread/INFO]: Running delayed init tasks
[19:57:47] [Server thread/INFO]: Done (16.006s)! For help, type "help"
[19:57:48] [Paper Async Task Handler Thread - 1/WARN]: *************************************************************************************
[19:57:48] [Paper Async Task Handler Thread - 1/WARN]: You are running the latest build for your Minecraft version (1.21.11)
[19:57:48] [Paper Async Task Handler Thread - 1/WARN]: However, you are 4 release(s) behind the latest stable release (26.2)!
[19:57:48] [Paper Async Task Handler Thread - 1/WARN]: It is recommended that you update as soon as possible
[19:57:48] [Paper Async Task Handler Thread - 1/WARN]: https://papermc.io/downloads/paper
[19:57:48] [Paper Async Task Handler Thread - 1/WARN]: *************************************************************************************
[19:58:01] [User Authenticator #0/INFO]: UUID of player Culls is 2faf4f40-8d7a-40cd-b9da-47bd5a2063b1
[19:58:02] [Server thread/INFO]: Culls joined the game
[19:58:02] [Server thread/INFO]: Culls[/127.0.0.1:54050] logged in with entity id 77 at ([world]405.69999998807907, 68.57109703593065, -89.30000001192093)
[19:58:09] [Server thread/INFO]: Culls issued server command: /enforce give Culls equipment
[19:58:17] [Server thread/INFO]: Culls issued server command: /enforce give Culls taser
[20:00:44] [Server thread/INFO]: Culls lost connection: Disconnected
[20:00:44] [Server thread/INFO]: Culls left the game
[20:00:45] [Server thread/INFO]: Stopping server
[20:00:45] [Server thread/INFO]: [DistrictEnforcement] Disabling DistrictEnforcement v1.0
[20:00:45] [Server thread/INFO]: [DistrictEnforcement] DistrictEnforcement has been disabled.
[20:00:45] [Server thread/INFO]: Saving players
[20:00:45] [Server thread/INFO]: Saving worlds
[20:00:45] [Server thread/INFO]: Saving chunks for level 'ServerLevel[world]'/minecraft:overworld
[20:00:45] [Server thread/INFO]: [ChunkHolderManager] Waiting 60s for chunk system to halt for world 'world'
[20:00:45] [Server thread/INFO]: [ChunkHolderManager] Halted chunk system for world 'world'
[20:00:45] [Server thread/INFO]: [ChunkHolderManager] Saving all chunkholders for world 'world'
[20:00:47] [Server thread/INFO]: [ChunkHolderManager] Saved 1149 block chunks, 831 entity chunks, 0 poi chunks in world 'world' in 2.14s
[20:00:47] [Server thread/INFO]: [ChunkHolderManager] Waiting 60s for chunk I/O to halt for world 'world'
[20:00:47] [Server thread/INFO]: [ChunkHolderManager] Halted I/O scheduler for world 'world'
[20:00:47] [Server thread/INFO]: Saving chunks for level 'ServerLevel[world_nether]'/minecraft:the_nether
[20:00:47] [Server thread/INFO]: [ChunkHolderManager] Waiting 60s for chunk system to halt for world 'world_nether'
[20:00:47] [Server thread/INFO]: [ChunkHolderManager] Halted chunk system for world 'world_nether'
[20:00:47] [Server thread/INFO]: [ChunkHolderManager] Saving all chunkholders for world 'world_nether'
[20:00:47] [Server thread/INFO]: [ChunkHolderManager] Saved 0 block chunks, 0 entity chunks, 0 poi chunks in world 'world_nether' in 0.00s
[20:00:47] [Server thread/INFO]: [ChunkHolderManager] Waiting 60s for chunk I/O to halt for world 'world_nether'
[20:00:47] [Server thread/INFO]: [ChunkHolderManager] Halted I/O scheduler for world 'world_nether'
[20:00:47] [Server thread/INFO]: Saving chunks for level 'ServerLevel[world_the_end]'/minecraft:the_end
[20:00:47] [Server thread/INFO]: [ChunkHolderManager] Waiting 60s for chunk system to halt for world 'world_the_end'
[20:00:47] [Server thread/INFO]: [ChunkHolderManager] Halted chunk system for world 'world_the_end'
[20:00:47] [Server thread/INFO]: [ChunkHolderManager] Saving all chunkholders for world 'world_the_end'
[20:00:47] [Server thread/INFO]: [ChunkHolderManager] Saved 0 block chunks, 0 entity chunks, 0 poi chunks in world 'world_the_end' in 0.00s
[20:00:47] [Server thread/INFO]: [ChunkHolderManager] Waiting 60s for chunk I/O to halt for world 'world_the_end'
[20:00:47] [Server thread/INFO]: [ChunkHolderManager] Halted I/O scheduler for world 'world_the_end'
[20:00:47] [Server thread/INFO]: ThreadedAnvilChunkStorage (world): All chunks are saved
[20:00:47] [Server thread/INFO]: ThreadedAnvilChunkStorage (DIM-1): All chunks are saved
[20:00:47] [Server thread/INFO]: ThreadedAnvilChunkStorage (DIM1): All chunks are saved
[20:00:47] [Server thread/INFO]: ThreadedAnvilChunkStorage: All dimensions are saved
[20:00:47] [Server thread/INFO]: Waiting for all RegionFile I/O tasks to complete...
[20:00:47] [Server thread/INFO]: All RegionFile I/O tasks to complete
[20:00:47] [Server thread/INFO]: [MoonriseCommon] Awaiting termination of worker pool for up to 60s...
[20:00:47] [Server thread/INFO]: [MoonriseCommon] Awaiting termination of I/O pool for up to 60s...
